C51 COMPILER V9.60.0.0   MC51_LIBRARY                                                      06/27/2019 15:29:57 PAGE 1   


C51 COMPILER V9.60.0.0, COMPILATION OF MODULE MC51_LIBRARY
OBJECT MODULE PLACED IN .\Objects\mc51-library.obj
COMPILER INVOKED BY: C:\Keil_v5\C51\BIN\C51.EXE ..\..\mc51-library\drivers\mc51-library.c OPTIMIZE(8,SPEED) BROWSE INCDI
                    -R(..\..\mc51-library\drivers;..\..\mc51-library\stdint) DEBUG OBJECTEXTEND PRINT(.\Listings\mc51-library.lst) TABS(2) OB
                    -JECT(.\Objects\mc51-library.obj)

line level    source

   1          
   2          /**
   3            ******************************************************************************
   4            * ______  _                             ___  ___        _               
   5            * | ___ \(_)                            |  \/  |       | |              
   6            * | |_/ / _  _ __    __ _  _ __  _   _  | .  . |  __ _ | | __ ___  _ __ 
   7            * | ___ \| || '_ \  / _` || '__|| | | | | |\/| | / _` || |/ // _ \| '__|
   8            * | |_/ /| || | | || (_| || |   | |_| | | |  | || (_| ||   <|  __/| |   
   9            * \____/ |_||_| |_| \__,_||_|    \__, | \_|  |_/ \__,_||_|\_\\___||_|   
  10            *                                 __/ |                                 
  11            *                                |___/                                  
  12            *                                                                       
  13            * Copyright (C) 2019 Binary Maker - All Rights Reserved
  14            *
  15            * This program and the accompanying materials are made available
  16            * under the terms described in the LICENSE file which accompanies
  17            * this distribution.
  18            * Written by Binary Maker <https://github.com/binarymaker>
  19            ******************************************************************************
  20            */


MODULE INFORMATION:   STATIC OVERLAYABLE
   CODE SIZE        =   ----    ----
   CONSTANT SIZE    =   ----    ----
   XDATA SIZE       =   ----    ----
   PDATA SIZE       =   ----    ----
   DATA SIZE        =   ----    ----
   IDATA SIZE       =   ----    ----
   BIT SIZE         =   ----    ----
END OF MODULE INFORMATION.


C51 COMPILATION COMPLETE.  0 WARNING(S),  0 ERROR(S)
